// Jest Snapshot v1, https://goo.gl/fbAQLP

exports[`Messages should match snapshot 1`] = `null`;
