// Jest Snapshot v1, https://goo.gl/fbAQLP

exports[`WebView should match snapshot 1`] = `
<Modal
  hardwareAccelerated={false}
  visible={true}
>
  <View
    style={
      Array [
        Object {
          "flexBasis": 0,
          "flexGrow": 1,
          "flexShrink": 1,
        },
      ]
    }
  >
    <View
      style={
        Array [
          Object {
            "alignItems": "center",
            "backgroundColor": "#1abfbf",
            "flexDirection": "row",
            "paddingHorizontal": 10,
          },
        ]
      }
    >
      <TextInput
        allowFontScaling={true}
        disabled={true}
        editable={false}
        placeholderTextColor="#575757"
        rejectResponderTermination={true}
        style={
          Array [
            Object {
              "color": "#000",
              "flex": 1,
              "fontSize": 17,
              "height": 50,
              "paddingLeft": 5,
              "paddingRight": 5,
            },
            Object {
              "color": "#ffffff",
            },
          ]
        }
        testID="webview_uri"
        underlineColorAndroid="rgba(0,0,0,0)"
        value="https://github.com/praveenkumar-kalidass"
      />
      <Text
        allowFontScaling={false}
        onPress={[MockFunction]}
        style={
          Array [
            Object {
              "color": undefined,
              "fontSize": 12,
            },
            Array [
              Object {
                "color": "#000",
                "fontSize": 30,
              },
              Object {
                "color": "#000",
                "fontSize": 30,
              },
              Object {
                "color": "#ffffff",
              },
            ],
            Object {
              "fontFamily": "Material Icons",
              "fontStyle": "normal",
              "fontWeight": "normal",
            },
            Object {},
          ]
        }
        testID="webview_close"
        type="MaterialIcons"
      >
        Óóç
      </Text>
    </View>
    <View
      style={
        Array [
          Object {
            "flex": 1,
            "overflow": "hidden",
          },
          undefined,
        ]
      }
    >
      <RNCWebView
        cacheEnabled={true}
        injectedJavaScriptBeforeContentLoadedForMainFrameOnly={true}
        injectedJavaScriptForMainFrameOnly={true}
        javaScriptEnabled={true}
        messagingEnabled={false}
        onContentProcessDidTerminate={[Function]}
        onHttpError={[Function]}
        onLoadingError={[Function]}
        onLoadingFinish={[Function]}
        onLoadingProgress={[Function]}
        onLoadingStart={[Function]}
        onMessage={[Function]}
        onShouldStartLoadWithRequest={[Function]}
        source={
          Object {
            "uri": "https://github.com/praveenkumar-kalidass",
          }
        }
        style={
          Array [
            Object {
              "flex": 1,
              "overflow": "hidden",
            },
            Object {
              "backgroundColor": "#ffffff",
            },
            undefined,
          ]
        }
        useSharedProcessPool={true}
      />
    </View>
  </View>
</Modal>
`;
