// Jest Snapshot v1, https://goo.gl/fbAQLP

exports[`ScreenLoader should match snapshot 1`] = `
<Modal
  hardwareAccelerated={false}
  testID="screen_loader_modal"
  transparent={true}
  visible={false}
>
  <View
    style={
      Array [
        Object {
          "alignItems": "center",
          "backgroundColor": "rgba(255, 255, 255, 0.5)",
          "flexBasis": 0,
          "flexGrow": 1,
          "flexShrink": 1,
          "justifyContent": "center",
        },
      ]
    }
  >
    <ActivityIndicator
      animating={true}
      color="#1abfbf"
      hidesWhenStopped={true}
      size="large"
      style={
        Object {
          "height": 80,
        }
      }
      testID="screen_loader"
    />
  </View>
</Modal>
`;
