// Jest Snapshot v1, https://goo.gl/fbAQLP

exports[`MessageCard should match snapshot 1`] = `
<View
  style={
    Object {
      "backgroundColor": "#fff",
      "borderBottomWidth": 0.5,
      "borderColor": "#ccc",
      "borderLeftWidth": 0.5,
      "borderRadius": 2,
      "borderRightWidth": 0.5,
      "borderTopWidth": 0.5,
      "elevation": 3,
      "flexWrap": "nowrap",
      "marginBottom": 5,
      "marginLeft": 2,
      "marginRight": 2,
      "marginTop": 5,
      "shadowColor": "#000",
      "shadowOffset": Object {
        "height": 2,
        "width": 0,
      },
      "shadowOpacity": 0.1,
      "shadowRadius": 1.5,
    }
  }
>
  <View
    style={
      Object {
        "alignItems": "center",
        "backgroundColor": "#fff",
        "borderRadius": 2,
        "flexDirection": "row",
        "paddingBottom": 10,
        "paddingLeft": 15,
        "paddingRight": 15,
        "paddingTop": 10,
      }
    }
  >
    <View
      style={
        Object {
          "alignItems": "center",
          "alignSelf": "center",
          "flex": 1,
          "flexDirection": "row",
        }
      }
    >
      <Image
        large={true}
        source={
          Object {
            "testUri": "../../../src/asset/image/user.png",
          }
        }
        style={
          Object {
            "borderRadius": 40,
            "height": 80,
            "width": 80,
          }
        }
      />
      <View
        style={
          Object {
            "alignItems": null,
            "alignSelf": "center",
            "flex": 1,
            "marginLeft": 10,
          }
        }
      >
        <Text
          style={
            Array [
              Object {
                "color": "#000",
                "fontFamily": "System",
                "fontSize": 16,
              },
              Object {
                "fontSize": 20,
                "marginBottom": 10,
              },
            ]
          }
          testID="card_primary_text"
        >
          Praveenkumar
        </Text>
        <Text
          note={true}
          style={
            Object {
              "color": "#808080",
              "fontFamily": "System",
              "fontSize": 14,
              "fontWeight": "400",
              "marginRight": 20,
            }
          }
          testID="card_secondary_text"
        >
          Hello World!
        </Text>
      </View>
      <View
        style={
          Array [
            Object {
              "alignContent": "flex-start",
              "alignSelf": "stretch",
              "flexDirection": "row",
              "justifyContent": "flex-end",
            },
          ]
        }
      >
        <View
          style={
            Array [
              Object {
                "alignSelf": "flex-start",
                "backgroundColor": "#ED1727",
                "borderRadius": 13.5,
                "height": 27,
                "justifyContent": "center",
                "paddingBottom": 3,
                "paddingLeft": 6,
                "paddingRight": 6,
                "paddingTop": 3,
              },
              Object {
                "backgroundColor": "#feda68",
              },
            ]
          }
        >
          <Text
            style={
              Array [
                Object {
                  "color": "#fff",
                  "fontFamily": "System",
                  "fontSize": 15,
                  "lineHeight": 19,
                  "paddingLeft": 3,
                  "paddingRight": 3,
                  "textAlign": "center",
                },
                Object {
                  "color": "#000000",
                },
              ]
            }
            testID="card_notification"
          >
            10
          </Text>
        </View>
      </View>
    </View>
  </View>
</View>
`;
