// Jest Snapshot v1, https://goo.gl/fbAQLP

exports[`Contacts should match snapshot 1`] = `null`;
